
Jul 03 06:51:32 +02:00 (none)  Mounting virtual file systems: /run /proc /sys OK
Jul 03 06:51:32 +02:00 (none)  Bringing up the loopback interface... OK
Jul 03 06:51:32 +02:00 (none)  Setting hostname to sel-melc... OK
Jul 03 06:51:32 +02:00 sel-melc  Populating /dev with device nodes...  OK
Jul 03 06:28:11 +02:00 sel-melc  Activating all swap files/partitions... OK
Jul 03 06:28:11 +02:00 sel-melc  Mounting root file system in read-only mode...  OK
Jul 03 06:28:11 +02:00 sel-melc  Checking file systems... OK
Jul 03 06:28:11 +02:00 sel-melc  Remounting root file system in read-write mode... OK
Jul 03 06:28:11 +02:00 sel-melc  Mounting remaining file systems... OK
Jul 03 06:28:11 +02:00 sel-melc  Cleaning file systems: /tmp OK
Jul 03 06:28:11 +02:00 sel-melc  Retrying failed uevents, if any... OK
Jul 03 06:28:12 +02:00 sel-melc  Setting up Linux console... OK
Jul 03 06:28:12 +02:00 sel-melc  Starting system log daemon... OK
Jul 03 06:28:12 +02:00 sel-melc  Starting kernel log daemon... OK
Jul 03 06:28:12 +02:00 sel-melc  Bringing up the enp0s3 interface... OK
Jul 03 06:28:12 +02:00 sel-melc  Adding IPv4 address 192.168.1.2 to the enp0s3 interface... OK
Jul 03 06:28:12 +02:00 sel-melc  Adding default gateway 192.168.1.1 to the enp0s3 interface... OK
Jul 03 06:28:12 +02:00 sel-melc  Starting SSH Server... OK
Jul 03 06:28:13 +02:00 sel-melc  Starting GPM console mouse service... OK
--------
KERNEL_LOGS
--------

Jul  3 06:28:12 sel-melc kernel: Loaded 130286 symbols from 1 module.
Jul  3 06:28:12 sel-melc kernel: [    0.000000] Linux version 5.19.0-thor_kernel-thor_kernel-00188-g7bef89018c65 (root@sel-melc) (gcc (GCC) 11.2.0, GNU ld (GNU Binutils) 2.38) #2 SMP PREEMPT_DYNAMIC Sun Jul 3 06:17:58 CEST 2022
Jul  3 06:28:12 sel-melc kernel: [    0.000000] Command line: BOOT_IMAGE=/vmlinuz-5.16.9-lfs-11.1-sel-melc root=/dev/sda3 ro
Jul  3 06:28:12 sel-melc kernel: [    0.000000] x86/fpu: x87 FPU will use FXSAVE
Jul  3 06:28:12 sel-melc kernel: [    0.000000] signal: max sigframe size: 1440
Jul  3 06:28:12 sel-melc kernel: [    0.000000] BIOS-provided physical RAM map:
Jul  3 06:28:12 sel-melc kernel: [    0.000000] BIOS-e820: [mem 0x0000000000000000-0x000000000009fbff] usable
Jul  3 06:28:12 sel-melc kernel: [    0.000000] BIOS-e820: [mem 0x000000000009fc00-0x000000000009ffff] reserved
Jul  3 06:28:12 sel-melc kernel: [    0.000000] BIOS-e820: [mem 0x00000000000f0000-0x00000000000fffff] reserved
Jul  3 06:28:12 sel-melc kernel: [    0.000000] BIOS-e820: [mem 0x0000000000100000-0x00000000dffeffff] usable
Jul  3 06:28:12 sel-melc kernel: [    0.000000] BIOS-e820: [mem 0x00000000dfff0000-0x00000000dfffffff] ACPI data
Jul  3 06:28:12 sel-melc kernel: [    0.000000] BIOS-e820: [mem 0x00000000fec00000-0x00000000fec00fff] reserved
Jul  3 06:28:12 sel-melc kernel: [    0.000000] BIOS-e820: [mem 0x00000000fee00000-0x00000000fee00fff] reserved
Jul  3 06:28:12 sel-melc kernel: [    0.000000] BIOS-e820: [mem 0x00000000fffc0000-0x00000000ffffffff] reserved
Jul  3 06:28:12 sel-melc kernel: [    0.000000] BIOS-e820: [mem 0x0000000100000000-0x000000021fffffff] usable
Jul  3 06:28:12 sel-melc kernel: [    0.000000] NX (Execute Disable) protection: active
Jul  3 06:28:12 sel-melc kernel: [    0.000000] SMBIOS 2.5 present.
Jul  3 06:28:12 sel-melc kernel: [    0.000000] DMI: innotek GmbH VirtualBox/VirtualBox, BIOS VirtualBox 12/01/2006
Jul  3 06:28:12 sel-melc kernel: [    0.000000] Hypervisor detected: KVM
Jul  3 06:28:12 sel-melc kernel: [    0.000000] kvm-clock: Using msrs 4b564d01 and 4b564d00
Jul  3 06:28:12 sel-melc kernel: [    0.000002] kvm-clock: using sched offset of 1402420212046 cycles
Jul  3 06:28:12 sel-melc kernel: [    0.000004] clocksource: kvm-clock: mask: 0xffffffffffffffff max_cycles: 0x1cd42e4dffb, max_idle_ns: 881590591483 ns
Jul  3 06:28:12 sel-melc kernel: [    0.000007] tsc: Detected 3407.998 MHz processor
Jul  3 06:28:12 sel-melc kernel: [    0.002062] e820: update [mem 0x00000000-0x00000fff] usable ==> reserved
Jul  3 06:28:12 sel-melc kernel: [    0.002066] e820: remove [mem 0x000a0000-0x000fffff] usable
Jul  3 06:28:12 sel-melc kernel: [    0.002070] last_pfn = 0x220000 max_arch_pfn = 0x400000000
Jul  3 06:28:12 sel-melc kernel: [    0.002152] Disabled
Jul  3 06:28:12 sel-melc kernel: [    0.002153] x86/PAT: MTRRs disabled, skipping PAT initialization too.
Jul  3 06:28:12 sel-melc kernel: [    0.002158] CPU MTRRs all blank - virtualized system.
Jul  3 06:28:12 sel-melc kernel: [    0.002159] x86/PAT: Configuration [0-7]: WB  WT  UC- UC  WB  WT  UC- UC  
Jul  3 06:28:12 sel-melc kernel: [    0.002160] last_pfn = 0xdfff0 max_arch_pfn = 0x400000000
Jul  3 06:28:12 sel-melc kernel: [    0.002204] found SMP MP-table at [mem 0x0009fff0-0x0009ffff]
Jul  3 06:28:12 sel-melc kernel: [    0.002596] ACPI: Early table checksum verification disabled
Jul  3 06:28:12 sel-melc kernel: [    0.002599] ACPI: RSDP 0x00000000000E0000 000024 (v02 VBOX  )
Jul  3 06:28:12 sel-melc kernel: [    0.002603] ACPI: XSDT 0x00000000DFFF0030 00003C (v01 VBOX   VBOXXSDT 00000001 ASL  00000061)
Jul  3 06:28:12 sel-melc kernel: [    0.002608] ACPI: FACP 0x00000000DFFF00F0 0000F4 (v04 VBOX   VBOXFACP 00000001 ASL  00000061)
Jul  3 06:28:12 sel-melc kernel: [    0.002612] ACPI: DSDT 0x00000000DFFF0480 002325 (v02 VBOX   VBOXBIOS 00000002 INTL 20100528)
Jul  3 06:28:12 sel-melc kernel: [    0.002615] ACPI: FACS 0x00000000DFFF0200 000040
Jul  3 06:28:12 sel-melc kernel: [    0.002618] ACPI: FACS 0x00000000DFFF0200 000040
Jul  3 06:28:12 sel-melc kernel: [    0.002620] ACPI: APIC 0x00000000DFFF0240 000064 (v02 VBOX   VBOXAPIC 00000001 ASL  00000061)
Jul  3 06:28:12 sel-melc kernel: [    0.002623] ACPI: SSDT 0x00000000DFFF02B0 0001CC (v01 VBOX   VBOXCPUT 00000002 INTL 20100528)
Jul  3 06:28:12 sel-melc kernel: [    0.002625] ACPI: Reserving FACP table memory at [mem 0xdfff00f0-0xdfff01e3]
Jul  3 06:28:12 sel-melc kernel: [    0.002626] ACPI: Reserving DSDT table memory at [mem 0xdfff0480-0xdfff27a4]
Jul  3 06:28:12 sel-melc kernel: [    0.002627] ACPI: Reserving FACS table memory at [mem 0xdfff0200-0xdfff023f]
Jul  3 06:28:12 sel-melc kernel: [    0.002627] ACPI: Reserving FACS table memory at [mem 0xdfff0200-0xdfff023f]
Jul  3 06:28:12 sel-melc kernel: [    0.002628] ACPI: Reserving APIC table memory at [mem 0xdfff0240-0xdfff02a3]
Jul  3 06:28:12 sel-melc kernel: [    0.002629] ACPI: Reserving SSDT table memory at [mem 0xdfff02b0-0xdfff047b]
Jul  3 06:28:12 sel-melc kernel: [    0.004120] No NUMA configuration found
Jul  3 06:28:12 sel-melc kernel: [    0.004122] Faking a node at [mem 0x0000000000000000-0x000000021fffffff]
Jul  3 06:28:12 sel-melc kernel: [    0.004124] NODE_DATA(0) allocated [mem 0x21fff8000-0x21fffbfff]
Jul  3 06:28:12 sel-melc kernel: [    0.004849] Zone ranges:
Jul  3 06:28:12 sel-melc kernel: [    0.004850]   DMA      [mem 0x0000000000001000-0x0000000000ffffff]
Jul  3 06:28:12 sel-melc kernel: [    0.004852]   DMA32    [mem 0x0000000001000000-0x00000000ffffffff]
Jul  3 06:28:12 sel-melc kernel: [    0.004853]   Normal   [mem 0x0000000100000000-0x000000021fffffff]
Jul  3 06:28:12 sel-melc kernel: [    0.004854] Movable zone start for each node
Jul  3 06:28:12 sel-melc kernel: [    0.004854] Early memory node ranges
Jul  3 06:28:12 sel-melc kernel: [    0.004855]   node   0: [mem 0x0000000000001000-0x000000000009efff]
Jul  3 06:28:12 sel-melc kernel: [    0.004856]   node   0: [mem 0x0000000000100000-0x00000000dffeffff]
Jul  3 06:28:12 sel-melc kernel: [    0.004857]   node   0: [mem 0x0000000100000000-0x000000021fffffff]
Jul  3 06:28:12 sel-melc kernel: [    0.004858] Initmem setup node 0 [mem 0x0000000000001000-0x000000021fffffff]
Jul  3 06:28:12 sel-melc kernel: [    0.005037] On node 0, zone DMA: 1 pages in unavailable ranges
Jul  3 06:28:12 sel-melc kernel: [    0.009052] On node 0, zone DMA: 97 pages in unavailable ranges
Jul  3 06:28:12 sel-melc kernel: [    1.884126] On node 0, zone Normal: 16 pages in unavailable ranges
Jul  3 06:28:12 sel-melc kernel: [    1.887055] ACPI: PM-Timer IO Port: 0x4008
Jul  3 06:28:12 sel-melc kernel: [    1.887422] IOAPIC[0]: apic_id 3, version 32, address 0xfec00000, GSI 0-23
Jul  3 06:28:12 sel-melc kernel: [    1.887427] ACPI: INT_SRC_OVR (bus 0 bus_irq 0 global_irq 2 dfl dfl)
Jul  3 06:28:12 sel-melc kernel: [    1.887428] ACPI: INT_SRC_OVR (bus 0 bus_irq 9 global_irq 9 low level)
Jul  3 06:28:12 sel-melc kernel: [    1.887432] ACPI: Using ACPI (MADT) for SMP configuration information
Jul  3 06:28:12 sel-melc kernel: [    1.887471] smpboot: Allowing 3 CPUs, 0 hotplug CPUs
Jul  3 06:28:12 sel-melc kernel: [    1.887653] PM: hibernation: Registered nosave memory: [mem 0x00000000-0x00000fff]
Jul  3 06:28:12 sel-melc kernel: [    1.887655] PM: hibernation: Registered nosave memory: [mem 0x0009f000-0x0009ffff]
Jul  3 06:28:12 sel-melc kernel: [    1.887656] PM: hibernation: Registered nosave memory: [mem 0x000a0000-0x000effff]
Jul  3 06:28:12 sel-melc kernel: [    1.887656] PM: hibernation: Registered nosave memory: [mem 0x000f0000-0x000fffff]
Jul  3 06:28:12 sel-melc kernel: [    1.887657] PM: hibernation: Registered nosave memory: [mem 0xdfff0000-0xdfffffff]
Jul  3 06:28:12 sel-melc kernel: [    1.887658] PM: hibernation: Registered nosave memory: [mem 0xe0000000-0xfebfffff]
Jul  3 06:28:12 sel-melc kernel: [    1.887658] PM: hibernation: Registered nosave memory: [mem 0xfec00000-0xfec00fff]
Jul  3 06:28:12 sel-melc kernel: [    1.887659] PM: hibernation: Registered nosave memory: [mem 0xfec01000-0xfedfffff]
Jul  3 06:28:12 sel-melc kernel: [    1.887659] PM: hibernation: Registered nosave memory: [mem 0xfee00000-0xfee00fff]
Jul  3 06:28:12 sel-melc kernel: [    1.887659] PM: hibernation: Registered nosave memory: [mem 0xfee01000-0xfffbffff]
Jul  3 06:28:12 sel-melc kernel: [    1.887660] PM: hibernation: Registered nosave memory: [mem 0xfffc0000-0xffffffff]
Jul  3 06:28:12 sel-melc kernel: [    1.887661] [mem 0xe0000000-0xfebfffff] available for PCI devices
Jul  3 06:28:12 sel-melc kernel: [    1.887662] Booting paravirtualized kernel on KVM
Jul  3 06:28:12 sel-melc kernel: [    1.887664] clocksource: refined-jiffies: mask: 0xffffffff max_cycles: 0xffffffff, max_idle_ns: 1910969940391419 ns
Jul  3 06:28:12 sel-melc kernel: [    1.892031] setup_percpu: NR_CPUS:64 nr_cpumask_bits:64 nr_cpu_ids:3 nr_node_ids:1
Jul  3 06:28:12 sel-melc kernel: [    1.921285] percpu: Embedded 52 pages/cpu s176040 r8192 d28760 u524288
Jul  3 06:28:12 sel-melc kernel: [    1.921292] pcpu-alloc: s176040 r8192 d28760 u524288 alloc=1*2097152
Jul  3 06:28:12 sel-melc kernel: [    1.921294] pcpu-alloc: [0] 0 1 2 - 
Jul  3 06:28:12 sel-melc kernel: [    1.921399] Fallback order for Node 0: 0 
Jul  3 06:28:12 sel-melc kernel: [    1.921401] Built 1 zonelists, mobility grouping on.  Total pages: 2064112
Jul  3 06:28:12 sel-melc kernel: [    1.921402] Policy zone: Normal
Jul  3 06:28:12 sel-melc kernel: [    1.921403] Kernel command line: BOOT_IMAGE=/vmlinuz-5.16.9-lfs-11.1-sel-melc root=/dev/sda3 ro
Jul  3 06:28:12 sel-melc kernel: [    1.921420] Unknown kernel command line parameters "BOOT_IMAGE=/vmlinuz-5.16.9-lfs-11.1-sel-melc", will be passed to user space.
Jul  3 06:28:12 sel-melc kernel: [    2.035326] Dentry cache hash table entries: 1048576 (order: 11, 8388608 bytes, linear)
Jul  3 06:28:12 sel-melc kernel: [    2.093426] Inode-cache hash table entries: 524288 (order: 10, 4194304 bytes, linear)
Jul  3 06:28:12 sel-melc kernel: [    2.093591] mem auto-init: stack:off, heap alloc:off, heap free:off
Jul  3 06:28:12 sel-melc kernel: [    2.887484] Memory: 8142004K/8388152K available (16396K kernel code, 2658K rwdata, 5204K rodata, 1276K init, 1172K bss, 245888K reserved, 0K cma-reserved)
Jul  3 06:28:12 sel-melc kernel: [    2.887719] SLUB: HWalign=64, Order=0-3, MinObjects=0, CPUs=3, Nodes=1
Jul  3 06:28:12 sel-melc kernel: [    2.887879] Kernel/User page tables isolation: enabled
Jul  3 06:28:12 sel-melc kernel: [    2.891896] Dynamic Preempt: voluntary
Jul  3 06:28:12 sel-melc kernel: [    2.892439] rcu: Preemptible hierarchical RCU implementation.
Jul  3 06:28:12 sel-melc kernel: [    2.892439] rcu: ^IRCU event tracing is enabled.
Jul  3 06:28:12 sel-melc kernel: [    2.892440] rcu: ^IRCU restricting CPUs from NR_CPUS=64 to nr_cpu_ids=3.
Jul  3 06:28:12 sel-melc kernel: [    2.892441] ^ITrampoline variant of Tasks RCU enabled.
Jul  3 06:28:12 sel-melc kernel: [    2.892442] rcu: RCU calculated value of scheduler-enlistment delay is 100 jiffies.
Jul  3 06:28:12 sel-melc kernel: [    2.892442] rcu: Adjusting geometry for rcu_fanout_leaf=16, nr_cpu_ids=3
Jul  3 06:28:12 sel-melc kernel: [    2.898879] NR_IRQS: 4352, nr_irqs: 448, preallocated irqs: 16
Jul  3 06:28:12 sel-melc kernel: [    2.899570] rcu: srcu_init: Setting srcu_struct sizes based on contention.
Jul  3 06:28:12 sel-melc kernel: [    2.959967] Console: colour VGA+ 80x25
Jul  3 06:28:12 sel-melc kernel: [    3.334357] printk: console [tty0] enabled
Jul  3 06:28:12 sel-melc kernel: [    3.336884] ACPI: Core revision 20220331
Jul  3 06:28:12 sel-melc kernel: [    3.339655] APIC: Switch to symmetric I/O mode setup
Jul  3 06:28:12 sel-melc kernel: [    3.360599] ..TIMER: vector=0x30 apic1=0 pin1=2 apic2=-1 pin2=-1
Jul  3 06:28:12 sel-melc kernel: [    3.364594] clocksource: tsc-early: mask: 0xffffffffffffffff max_cycles: 0x311fd208cfc, max_idle_ns: 440795283699 ns
Jul  3 06:28:12 sel-melc kernel: [    3.370439] Calibrating delay loop (skipped) preset value.. 6815.99 BogoMIPS (lpj=3407998)
Jul  3 06:28:12 sel-melc kernel: [    3.371440] pid_max: default: 32768 minimum: 301
Jul  3 06:28:12 sel-melc kernel: [    3.372456] LSM: Security Framework initializing
Jul  3 06:28:12 sel-melc kernel: [    3.373451] SELinux:  Initializing.
Jul  3 06:28:12 sel-melc kernel: [    3.376214] Mount-cache hash table entries: 16384 (order: 5, 131072 bytes, linear)
Jul  3 06:28:12 sel-melc kernel: [    3.377456] Mountpoint-cache hash table entries: 16384 (order: 5, 131072 bytes, linear)
Jul  3 06:28:12 sel-melc kernel: [    3.382593] Last level iTLB entries: 4KB 64, 2MB 8, 4MB 8
Jul  3 06:28:12 sel-melc kernel: [    3.383439] Last level dTLB entries: 4KB 64, 2MB 0, 4MB 0, 1GB 4
Jul  3 06:28:12 sel-melc kernel: [    3.384442] Spectre V1 : Mitigation: usercopy/swapgs barriers and __user pointer sanitization
Jul  3 06:28:12 sel-melc kernel: [    3.385440] Spectre V2 : Mitigation: Retpolines
Jul  3 06:28:12 sel-melc kernel: [    3.386438] Spectre V2 : Spectre v2 / SpectreRSB mitigation: Filling RSB on context switch
Jul  3 06:28:12 sel-melc kernel: [    3.387437] Speculative Store Bypass: Vulnerable
Jul  3 06:28:12 sel-melc kernel: [    3.388446] MDS: Mitigation: Clear CPU buffers
Jul  3 06:28:12 sel-melc kernel: [    3.389437] MMIO Stale Data: Mitigation: Clear CPU buffers
Jul  3 06:28:12 sel-melc kernel: [    3.392095] Freeing SMP alternatives memory: 44K
Jul  3 06:28:12 sel-melc kernel: [    3.497021] smpboot: CPU0: Intel(R) Core(TM) i7-6700 CPU @ 3.40GHz (family: 0x6, model: 0x5e, stepping: 0x3)
Jul  3 06:28:12 sel-melc kernel: [    3.499888] cblist_init_generic: Setting adjustable number of callback queues.
Jul  3 06:28:12 sel-melc kernel: [    3.500439] cblist_init_generic: Setting shift to 2 and lim to 1.
Jul  3 06:28:12 sel-melc kernel: [    3.501552] Performance Events: unsupported p6 CPU model 94 no PMU driver, software events only.
Jul  3 06:28:12 sel-melc kernel: [    3.503551] rcu: Hierarchical SRCU implementation.
Jul  3 06:28:12 sel-melc kernel: [    3.506685] smp: Bringing up secondary CPUs ...
Jul  3 06:28:12 sel-melc kernel: [    3.508492] x86: Booting SMP configuration:
Jul  3 06:28:12 sel-melc kernel: [    3.509438] .... node  #0, CPUs:      #1
Jul  3 06:28:12 sel-melc kernel: [    3.514435] TSC synchronization [CPU#0 -> CPU#1]:
Jul  3 06:28:12 sel-melc kernel: [    3.514435] Measured 104020 cycles TSC warp between CPUs, turning off TSC clock.
Jul  3 06:28:12 sel-melc kernel: [    3.514435] tsc: Marking TSC unstable due to check_tsc_sync_source failed
Jul  3 06:28:12 sel-melc kernel: [    3.516435]  #2
Jul  3 06:28:12 sel-melc kernel: [    3.523073] smp: Brought up 1 node, 3 CPUs
Jul  3 06:28:12 sel-melc kernel: [    3.524440] smpboot: Max logical packages: 1
Jul  3 06:28:12 sel-melc kernel: [    3.525438] smpboot: Total of 3 processors activated (20447.98 BogoMIPS)
Jul  3 06:28:12 sel-melc kernel: [    3.527808] devtmpfs: initialized
Jul  3 06:28:12 sel-melc kernel: [    3.530670] clocksource: jiffies: mask: 0xffffffff max_cycles: 0xffffffff, max_idle_ns: 1911260446275000 ns
Jul  3 06:28:12 sel-melc kernel: [    3.531461] futex hash table entries: 1024 (order: 4, 65536 bytes, linear)
Jul  3 06:28:12 sel-melc kernel: [    3.533437] PM: RTC time: 04:28:03, date: 2022-07-03
Jul  3 06:28:12 sel-melc kernel: [    3.535723] NET: Registered PF_NETLINK/PF_ROUTE protocol family
Jul  3 06:28:12 sel-melc kernel: [    3.536675] audit: initializing netlink subsys (disabled)
Jul  3 06:28:12 sel-melc kernel: [    3.537719] audit: type=2000 audit(1656823889.639:1): state=initialized audit_enabled=0 res=1
Jul  3 06:28:12 sel-melc kernel: [    3.537943] thermal_sys: Registered thermal governor 'step_wise'
Jul  3 06:28:12 sel-melc kernel: [    3.538438] thermal_sys: Registered thermal governor 'user_space'
Jul  3 06:28:12 sel-melc kernel: [    3.540645] cpuidle: using governor menu
Jul  3 06:28:12 sel-melc kernel: [    3.543558] PCI: Using configuration type 1 for base access
Jul  3 06:28:12 sel-melc kernel: [    3.547242] kprobes: kprobe jump-optimization is enabled. All kprobes are optimized if possible.
Jul  3 06:28:12 sel-melc kernel: [    3.600860] HugeTLB: can optimize 7 vmemmap pages for hugepages-2048kB
Jul  3 06:28:12 sel-melc kernel: [    3.601442] HugeTLB registered 2.00 MiB page size, pre-allocated 0 pages
Jul  3 06:28:12 sel-melc kernel: [    3.603723] ACPI: Added _OSI(Module Device)
Jul  3 06:28:12 sel-melc kernel: [    3.604442] ACPI: Added _OSI(Processor Device)
Jul  3 06:28:12 sel-melc kernel: [    3.605441] ACPI: Added _OSI(3.0 _SCP Extensions)
Jul  3 06:28:12 sel-melc kernel: [    3.606440] ACPI: Added _OSI(Processor Aggregator Device)
Jul  3 06:28:12 sel-melc kernel: [    3.607439] ACPI: Added _OSI(Linux-Dell-Video)
Jul  3 06:28:12 sel-melc kernel: [    3.608440] ACPI: Added _OSI(Linux-Lenovo-NV-HDMI-Audio)
Jul  3 06:28:12 sel-melc kernel: [    3.609439] ACPI: Added _OSI(Linux-HPI-Hybrid-Graphics)
Jul  3 06:28:12 sel-melc kernel: [    3.612435] ACPI: 2 ACPI AML tables successfully acquired and loaded
Jul  3 06:28:12 sel-melc kernel: [    3.614925] ACPI: Interpreter enabled
Jul  3 06:28:12 sel-melc kernel: [    3.615446] ACPI: PM: (supports S0 S5)
Jul  3 06:28:12 sel-melc kernel: [    3.616439] ACPI: Using IOAPIC for interrupt routing
Jul  3 06:28:12 sel-melc kernel: [    3.617823] PCI: Using host bridge windows from ACPI; if necessary, use "pci=nocrs" and report a bug
Jul  3 06:28:12 sel-melc kernel: [    3.618438] PCI: Using E820 reservations for host bridge windows
Jul  3 06:28:12 sel-melc kernel: [    3.619577] ACPI: Enabled 2 GPEs in block 00 to 07
Jul  3 06:28:12 sel-melc kernel: [    3.626435] ACPI: PCI Root Bridge [PCI0] (domain 0000 [bus 00-ff])
Jul  3 06:28:12 sel-melc kernel: [    3.626441] acpi PNP0A03:00: _OSC: OS supports [ASPM ClockPM Segments MSI HPX-Type3]
Jul  3 06:28:12 sel-melc kernel: [    3.627439] acpi PNP0A03:00: _OSC: not requesting OS control; OS requires [ExtendedConfig ASPM ClockPM MSI]
Jul  3 06:28:12 sel-melc kernel: [    3.629087] acpi PNP0A03:00: fail to add MMCONFIG information, can't access extended PCI configuration space under this bridge.
Jul  3 06:28:12 sel-melc kernel: [    3.629646] PCI host bridge to bus 0000:00
Jul  3 06:28:12 sel-melc kernel: [    3.630453] pci_bus 0000:00: root bus resource [io  0x0000-0x0cf7 window]
Jul  3 06:28:12 sel-melc kernel: [    3.632438] pci_bus 0000:00: root bus resource [io  0x0d00-0xffff window]
Jul  3 06:28:12 sel-melc kernel: [    3.633439] pci_bus 0000:00: root bus resource [mem 0x000a0000-0x000bffff window]
Jul  3 06:28:12 sel-melc kernel: [    3.634440] pci_bus 0000:00: root bus resource [mem 0xe0000000-0xfdffffff window]
Jul  3 06:28:12 sel-melc kernel: [    3.635441] pci_bus 0000:00: root bus resource [bus 00-ff]
Jul  3 06:28:12 sel-melc kernel: [    3.637056] pci 0000:00:00.0: [8086:1237] type 00 class 0x060000
Jul  3 06:28:12 sel-melc kernel: [    3.639689] pci 0000:00:01.0: [8086:7000] type 00 class 0x060100
Jul  3 06:28:12 sel-melc kernel: [    3.643590] pci 0000:00:01.1: [8086:7111] type 00 class 0x01018a
Jul  3 06:28:12 sel-melc kernel: [    3.646494] pci 0000:00:01.1: reg 0x20: [io  0xd000-0xd00f]
Jul  3 06:28:12 sel-melc kernel: [    3.648283] pci 0000:00:01.1: legacy IDE quirk: reg 0x10: [io  0x01f0-0x01f7]
Jul  3 06:28:12 sel-melc kernel: [    3.648442] pci 0000:00:01.1: legacy IDE quirk: reg 0x14: [io  0x03f6]
Jul  3 06:28:12 sel-melc kernel: [    3.649443] pci 0000:00:01.1: legacy IDE quirk: reg 0x18: [io  0x0170-0x0177]
Jul  3 06:28:12 sel-melc kernel: [    3.650442] pci 0000:00:01.1: legacy IDE quirk: reg 0x1c: [io  0x0376]
Jul  3 06:28:12 sel-melc kernel: [    3.652439] pci 0000:00:02.0: [15ad:0405] type 00 class 0x030000
Jul  3 06:28:12 sel-melc kernel: [    3.656454] pci 0000:00:02.0: reg 0x10: [io  0xd010-0xd01f]
Jul  3 06:28:12 sel-melc kernel: [    3.658435] pci 0000:00:02.0: reg 0x14: [mem 0xe0000000-0xe0ffffff pref]
Jul  3 06:28:12 sel-melc kernel: [    3.659435] pci 0000:00:02.0: reg 0x18: [mem 0xf0000000-0xf01fffff]
Jul  3 06:28:12 sel-melc kernel: [    3.662575] pci 0000:00:02.0: Video device with shadowed ROM at [mem 0x000c0000-0x000dffff]
Jul  3 06:28:12 sel-melc kernel: [    3.664860] pci 0000:00:03.0: [8086:100e] type 00 class 0x020000
Jul  3 06:28:12 sel-melc kernel: [    3.665977] pci 0000:00:03.0: reg 0x10: [mem 0xf0200000-0xf021ffff]
Jul  3 06:28:12 sel-melc kernel: [    3.667022] pci 0000:00:03.0: reg 0x18: [io  0xd020-0xd027]
Jul  3 06:28:12 sel-melc kernel: [    3.669995] pci 0000:00:04.0: [80ee:cafe] type 00 class 0x088000
Jul  3 06:28:12 sel-melc kernel: [    3.671048] pci 0000:00:04.0: reg 0x10: [io  0xd040-0xd05f]
Jul  3 06:28:12 sel-melc kernel: [    3.672637] pci 0000:00:04.0: reg 0x14: [mem 0xf0400000-0xf07fffff]
Jul  3 06:28:12 sel-melc kernel: [    3.674437] pci 0000:00:04.0: reg 0x18: [mem 0xf0800000-0xf0803fff pref]
Jul  3 06:28:12 sel-melc kernel: [    3.676878] pci 0000:00:05.0: [8086:2415] type 00 class 0x040100
Jul  3 06:28:12 sel-melc kernel: [    3.678750] pci 0000:00:05.0: reg 0x10: [io  0xd100-0xd1ff]
Jul  3 06:28:12 sel-melc kernel: [    3.680674] pci 0000:00:05.0: reg 0x14: [io  0xd200-0xd23f]
Jul  3 06:28:12 sel-melc kernel: [    3.684243] pci 0000:00:06.0: [106b:003f] type 00 class 0x0c0310
Jul  3 06:28:12 sel-melc kernel: [    3.684963] pci 0000:00:06.0: reg 0x10: [mem 0xf0804000-0xf0804fff]
Jul  3 06:28:12 sel-melc kernel: [    3.689232] pci 0000:00:07.0: [8086:7113] type 00 class 0x068000
Jul  3 06:28:12 sel-melc kernel: [    3.690951] pci 0000:00:07.0: quirk: [io  0x4000-0x403f] claimed by PIIX4 ACPI
Jul  3 06:28:12 sel-melc kernel: [    3.691480] pci 0000:00:07.0: quirk: [io  0x4100-0x410f] claimed by PIIX4 SMB
Jul  3 06:28:12 sel-melc kernel: [    3.694251] pci 0000:00:0b.0: [8086:265c] type 00 class 0x0c0320
Jul  3 06:28:12 sel-melc kernel: [    3.695482] pci 0000:00:0b.0: reg 0x10: [mem 0xf0805000-0xf0805fff]
Jul  3 06:28:12 sel-melc kernel: [    3.699710] pci 0000:00:0d.0: [8086:2829] type 00 class 0x010601
Jul  3 06:28:12 sel-melc kernel: [    3.701578] pci 0000:00:0d.0: reg 0x10: [io  0xd240-0xd247]
Jul  3 06:28:12 sel-melc kernel: [    3.702732] pci 0000:00:0d.0: reg 0x14: [io  0xd248-0xd24b]
Jul  3 06:28:12 sel-melc kernel: [    3.703732] pci 0000:00:0d.0: reg 0x18: [io  0xd250-0xd257]
Jul  3 06:28:12 sel-melc kernel: [    3.705637] pci 0000:00:0d.0: reg 0x1c: [io  0xd258-0xd25b]
Jul  3 06:28:12 sel-melc kernel: [    3.707511] pci 0000:00:0d.0: reg 0x20: [io  0xd260-0xd26f]
Jul  3 06:28:12 sel-melc kernel: [    3.709529] pci 0000:00:0d.0: reg 0x24: [mem 0xf0806000-0xf0807fff]
Jul  3 06:28:12 sel-melc kernel: [    3.714311] ACPI: PCI: Interrupt link LNKA configured for IRQ 11
Jul  3 06:28:12 sel-melc kernel: [    3.715795] ACPI: PCI: Interrupt link LNKB configured for IRQ 10
Jul  3 06:28:12 sel-melc kernel: [    3.716715] ACPI: PCI: Interrupt link LNKC configured for IRQ 9
Jul  3 06:28:12 sel-melc kernel: [    3.717666] ACPI: PCI: Interrupt link LNKD configured for IRQ 11
Jul  3 06:28:12 sel-melc kernel: [    3.718670] iommu: Default domain type: Translated 
Jul  3 06:28:12 sel-melc kernel: [    3.719437] iommu: DMA domain TLB invalidation policy: lazy mode 
Jul  3 06:28:12 sel-melc kernel: [    3.720667] SCSI subsystem initialized
Jul  3 06:28:12 sel-melc kernel: [    3.722761] libata version 3.00 loaded.
Jul  3 06:28:12 sel-melc kernel: [    3.722922] ACPI: bus type USB registered
Jul  3 06:28:12 sel-melc kernel: [    3.723453] usbcore: registered new interface driver usbfs
Jul  3 06:28:12 sel-melc kernel: [    3.724472] usbcore: registered new interface driver hub
Jul  3 06:28:12 sel-melc kernel: [    3.725447] usbcore: registered new device driver usb
Jul  3 06:28:12 sel-melc kernel: [    3.726466] pps_core: LinuxPPS API ver. 1 registered
Jul  3 06:28:12 sel-melc kernel: [    3.727440] pps_core: Software ver. 5.3.6 - Copyright 2005-2007 Rodolfo Giometti <giometti@linux.it>
Jul  3 06:28:12 sel-melc kernel: [    3.728450] PTP clock support registered
Jul  3 06:28:12 sel-melc kernel: [    3.730491] Advanced Linux Sound Architecture Driver Initialized.
Jul  3 06:28:12 sel-melc kernel: [    3.731705] NetLabel: Initializing
Jul  3 06:28:12 sel-melc kernel: [    3.732440] NetLabel:  domain hash size = 128
Jul  3 06:28:12 sel-melc kernel: [    3.734438] NetLabel:  protocols = UNLABELED CIPSOv4 CALIPSO
Jul  3 06:28:12 sel-melc kernel: [    3.735458] NetLabel:  unlabeled traffic allowed by default
Jul  3 06:28:12 sel-melc kernel: [    3.737486] PCI: Using ACPI for IRQ routing
Jul  3 06:28:12 sel-melc kernel: [    3.738438] PCI: pci_cache_line_size set to 64 bytes
Jul  3 06:28:12 sel-melc kernel: [    3.739435] e820: reserve RAM buffer [mem 0x0009fc00-0x0009ffff]
Jul  3 06:28:12 sel-melc kernel: [    3.739435] e820: reserve RAM buffer [mem 0xdfff0000-0xdfffffff]
Jul  3 06:28:12 sel-melc kernel: [    3.739489] pci 0000:00:02.0: vgaarb: setting as boot VGA device
Jul  3 06:28:12 sel-melc kernel: [    3.740435] pci 0000:00:02.0: vgaarb: bridge control possible
Jul  3 06:28:12 sel-melc kernel: [    3.740435] pci 0000:00:02.0: vgaarb: VGA device added: decodes=io+mem,owns=io+mem,locks=none
Jul  3 06:28:12 sel-melc kernel: [    3.740444] vgaarb: loaded
Jul  3 06:28:12 sel-melc kernel: [    3.741984] clocksource: Switched to clocksource kvm-clock
Jul  3 06:28:12 sel-melc kernel: [    3.749681] VFS: Disk quotas dquot_6.6.0
Jul  3 06:28:12 sel-melc kernel: [    3.752616] VFS: Dquot-cache hash table entries: 512 (order 0, 4096 bytes)
Jul  3 06:28:12 sel-melc kernel: [    3.757246] pnp: PnP ACPI init
Jul  3 06:28:12 sel-melc kernel: [    3.762178] pnp: PnP ACPI: found 2 devices
Jul  3 06:28:12 sel-melc kernel: [    3.886586] clocksource: acpi_pm: mask: 0xffffff max_cycles: 0xffffff, max_idle_ns: 2085701024 ns
Jul  3 06:28:12 sel-melc kernel: [    3.887525] NET: Registered PF_INET protocol family
Jul  3 06:28:12 sel-melc kernel: [    3.887525] IP idents hash table entries: 131072 (order: 8, 1048576 bytes, linear)
Jul  3 06:28:12 sel-melc kernel: [    3.887525] tcp_listen_portaddr_hash hash table entries: 4096 (order: 4, 65536 bytes, linear)
Jul  3 06:28:12 sel-melc kernel: [    3.887525] Table-perturb hash table entries: 65536 (order: 6, 262144 bytes, linear)
Jul  3 06:28:12 sel-melc kernel: [    3.887525] TCP established hash table entries: 65536 (order: 7, 524288 bytes, linear)
Jul  3 06:28:12 sel-melc kernel: [    3.887525] TCP bind hash table entries: 65536 (order: 8, 1048576 bytes, linear)
Jul  3 06:28:12 sel-melc kernel: [    3.887525] TCP: Hash tables configured (established 65536 bind 65536)
Jul  3 06:28:12 sel-melc kernel: [    3.887525] UDP hash table entries: 4096 (order: 5, 131072 bytes, linear)
Jul  3 06:28:12 sel-melc kernel: [    3.887525] UDP-Lite hash table entries: 4096 (order: 5, 131072 bytes, linear)
Jul  3 06:28:12 sel-melc kernel: [    3.887525] NET: Registered PF_UNIX/PF_LOCAL protocol family
Jul  3 06:28:12 sel-melc kernel: [    3.951199] RPC: Registered named UNIX socket transport module.
Jul  3 06:28:12 sel-melc kernel: [    3.951480] RPC: Registered udp transport module.
Jul  3 06:28:12 sel-melc kernel: [    3.951480] RPC: Registered tcp transport module.
Jul  3 06:28:12 sel-melc kernel: [    3.951480] RPC: Registered tcp NFSv4.1 backchannel transport module.
Jul  3 06:28:12 sel-melc kernel: [    3.964838] pci_bus 0000:00: resource 4 [io  0x0000-0x0cf7 window]
Jul  3 06:28:12 sel-melc kernel: [    3.968772] pci_bus 0000:00: resource 5 [io  0x0d00-0xffff window]
Jul  3 06:28:12 sel-melc kernel: [    3.969614] pci_bus 0000:00: resource 6 [mem 0x000a0000-0x000bffff window]
Jul  3 06:28:12 sel-melc kernel: [    3.969614] pci_bus 0000:00: resource 7 [mem 0xe0000000-0xfdffffff window]
Jul  3 06:28:12 sel-melc kernel: [    3.969614] pci 0000:00:00.0: Limiting direct PCI/PCI transfers
Jul  3 06:28:12 sel-melc kernel: [    3.969614] pci 0000:00:01.0: Activating ISA DMA hang workarounds
Jul  3 06:28:12 sel-melc kernel: [    3.986853] PCI: CLS 0 bytes, default 64
Jul  3 06:28:12 sel-melc kernel: [    3.986853] PCI-DMA: Using software bounce buffering for IO (SWIOTLB)
Jul  3 06:28:12 sel-melc kernel: [    3.995179] software IO TLB: mapped [mem 0x00000000dbff0000-0x00000000dfff0000] (64MB)
Jul  3 06:28:12 sel-melc kernel: [    4.002359] RAPL PMU: API unit is 2^-32 Joules, 0 fixed counters, 10737418240 ms ovfl timer
Jul  3 06:28:12 sel-melc kernel: [    4.007230] platform rtc_cmos: registered platform RTC device (no PNP device found)
Jul  3 06:28:12 sel-melc kernel: [    4.021254] Initialise system trusted keyrings
Jul  3 06:28:12 sel-melc kernel: [    4.024490] workingset: timestamp_bits=56 max_order=21 bucket_order=0
Jul  3 06:28:12 sel-melc kernel: [    4.035142] NFS: Registering the id_resolver key type
Jul  3 06:28:12 sel-melc kernel: [    4.038212] Key type id_resolver registered
Jul  3 06:28:12 sel-melc kernel: [    4.039047] Key type id_legacy registered
Jul  3 06:28:12 sel-melc kernel: [    4.043398] 9p: Installing v9fs 9p2000 file system support
Jul  3 06:28:12 sel-melc kernel: [    4.060106] Key type asymmetric registered
Jul  3 06:28:12 sel-melc kernel: [    4.060824] Asymmetric key parser 'x509' registered
Jul  3 06:28:12 sel-melc kernel: [    4.060824] Block layer SCSI generic (bsg) driver version 0.4 loaded (major 251)
Jul  3 06:28:12 sel-melc kernel: [    4.060824] io scheduler mq-deadline registered
Jul  3 06:28:12 sel-melc kernel: [    4.060824] io scheduler kyber registered
Jul  3 06:28:12 sel-melc kernel: [    4.077672] ACPI: AC: AC Adapter [AC] (on-line)
Jul  3 06:28:12 sel-melc kernel: [    4.080626] input: Power Button as /devices/LNXSYSTM:00/LNXPWRBN:00/input/input0
Jul  3 06:28:12 sel-melc kernel: [    4.084463] ACPI: button: Power Button [PWRF]
Jul  3 06:28:12 sel-melc kernel: [    4.086960] input: Sleep Button as /devices/LNXSYSTM:00/LNXSLPBN:00/input/input1
Jul  3 06:28:12 sel-melc kernel: [    4.091148] ACPI: button: Sleep Button [SLPF]
Jul  3 06:28:12 sel-melc kernel: [    4.091943] ACPI: video: Video Device [GFX0] (multi-head: yes  rom: no  post: no)
Jul  3 06:28:12 sel-melc kernel: [    4.091943] input: Video Bus as /devices/LNXSYSTM:00/LNXSYBUS:00/PNP0A03:00/LNXVIDEO:00/input/input2
Jul  3 06:28:12 sel-melc kernel: [    4.106068] Serial: 8250/16550 driver, 4 ports, IRQ sharing enabled
Jul  3 06:28:12 sel-melc kernel: [    4.116457] Non-volatile memory driver v1.3
Jul  3 06:28:12 sel-melc kernel: [    4.117162] Linux agpgart interface v0.103
Jul  3 06:28:12 sel-melc kernel: [    4.117162] ACPI: bus type drm_connector registered
Jul  3 06:28:12 sel-melc kernel: [    4.144146] loop: module loaded
Jul  3 06:28:12 sel-melc kernel: [    4.144639] ahci 0000:00:0d.0: version 3.0
Jul  3 06:28:12 sel-melc kernel: [    4.144639] ahci 0000:00:0d.0: SSS flag set, parallel bus scan disabled
Jul  3 06:28:12 sel-melc kernel: [    4.144639] ahci 0000:00:0d.0: AHCI 0001.0100 32 slots 1 ports 3 Gbps 0x1 impl SATA mode
Jul  3 06:28:12 sel-melc kernel: [    4.144639] ahci 0000:00:0d.0: flags: 64bit ncq stag only ccc 
Jul  3 06:28:12 sel-melc kernel: [    4.168107] scsi host0: ahci
Jul  3 06:28:12 sel-melc kernel: [    4.171030] ata1: SATA max UDMA/133 abar m8192@0xf0806000 port 0xf0806100 irq 21
Jul  3 06:28:12 sel-melc kernel: [    4.176011] ata_piix 0000:00:01.1: version 2.13
Jul  3 06:28:12 sel-melc kernel: [    4.183978] scsi host1: ata_piix
Jul  3 06:28:12 sel-melc kernel: [    4.190277] scsi host2: ata_piix
Jul  3 06:28:12 sel-melc kernel: [    4.192781] ata2: PATA max UDMA/33 cmd 0x1f0 ctl 0x3f6 bmdma 0xd000 irq 14
Jul  3 06:28:12 sel-melc kernel: [    4.193550] ata3: PATA max UDMA/33 cmd 0x170 ctl 0x376 bmdma 0xd008 irq 15
Jul  3 06:28:12 sel-melc kernel: [    4.202858] e100: Intel(R) PRO/100 Network Driver
Jul  3 06:28:12 sel-melc kernel: [    4.206050] e100: Copyright(c) 1999-2006 Intel Corporation
Jul  3 06:28:12 sel-melc kernel: [    4.209668] e1000: Intel(R) PRO/1000 Network Driver
Jul  3 06:28:12 sel-melc kernel: [    4.210502] e1000: Copyright (c) 1999-2006 Intel Corporation.
Jul  3 06:28:12 sel-melc kernel: [    5.021990] e1000 0000:00:03.0 eth0: (PCI:33MHz:32-bit) 08:00:27:68:99:b7
Jul  3 06:28:12 sel-melc kernel: [    5.021990] e1000 0000:00:03.0 eth0: Intel(R) PRO/1000 Network Connection
Jul  3 06:28:12 sel-melc kernel: [    5.021990] e1000e: Intel(R) PRO/1000 Network Driver
Jul  3 06:28:12 sel-melc kernel: [    5.021990] e1000e: Copyright(c) 1999 - 2015 Intel Corporation.
Jul  3 06:28:12 sel-melc kernel: [    5.021990] sky2: driver version 1.30
Jul  3 06:28:12 sel-melc kernel: [    5.021990] ehci_hcd: USB 2.0 'Enhanced' Host Controller (EHCI) Driver
Jul  3 06:28:12 sel-melc kernel: [    5.021990] ehci-pci: EHCI PCI platform driver
Jul  3 06:28:12 sel-melc kernel: [    5.021990] ehci-pci 0000:00:0b.0: EHCI Host Controller
Jul  3 06:28:12 sel-melc kernel: [    5.021990] ehci-pci 0000:00:0b.0: new USB bus registered, assigned bus number 1
Jul  3 06:28:12 sel-melc kernel: [    5.063233] ehci-pci 0000:00:0b.0: irq 19, io mem 0xf0805000
Jul  3 06:28:12 sel-melc kernel: [    5.100283] ehci-pci 0000:00:0b.0: USB 2.0 started, EHCI 1.00
Jul  3 06:28:12 sel-melc kernel: [    5.100775] usb usb1: New USB device found, idVendor=1d6b, idProduct=0002, bcdDevice= 5.19
Jul  3 06:28:12 sel-melc kernel: [    5.100775] usb usb1: New USB device strings: Mfr=3, Product=2, SerialNumber=1
Jul  3 06:28:12 sel-melc kernel: [    5.100775] usb usb1: Product: EHCI Host Controller
Jul  3 06:28:12 sel-melc kernel: [    5.100775] usb usb1: Manufacturer: Linux 5.19.0-thor_kernel-thor_kernel-00188-g7bef89018c65 ehci_hcd
Jul  3 06:28:12 sel-melc kernel: [    5.100775] usb usb1: SerialNumber: 0000:00:0b.0
Jul  3 06:28:12 sel-melc kernel: [    5.100775] hub 1-0:1.0: USB hub found
Jul  3 06:28:12 sel-melc kernel: [    5.100775] hub 1-0:1.0: 12 ports detected
Jul  3 06:28:12 sel-melc kernel: [    5.133950] ohci_hcd: USB 1.1 'Open' Host Controller (OHCI) Driver
Jul  3 06:28:12 sel-melc kernel: [    5.137688] ohci-pci: OHCI PCI platform driver
Jul  3 06:28:12 sel-melc kernel: [    5.148996] ohci-pci 0000:00:06.0: OHCI PCI host controller
Jul  3 06:28:12 sel-melc kernel: [    5.160834] ohci-pci 0000:00:06.0: new USB bus registered, assigned bus number 2
Jul  3 06:28:12 sel-melc kernel: [    5.166711] ohci-pci 0000:00:06.0: irq 22, io mem 0xf0804000
Jul  3 06:28:12 sel-melc kernel: [    5.230062] usb usb2: New USB device found, idVendor=1d6b, idProduct=0001, bcdDevice= 5.19
Jul  3 06:28:12 sel-melc kernel: [    5.235185] usb usb2: New USB device strings: Mfr=3, Product=2, SerialNumber=1
Jul  3 06:28:12 sel-melc kernel: [    5.239537] usb usb2: Product: OHCI PCI host controller
Jul  3 06:28:12 sel-melc kernel: [    5.242907] usb usb2: Manufacturer: Linux 5.19.0-thor_kernel-thor_kernel-00188-g7bef89018c65 ohci_hcd
Jul  3 06:28:12 sel-melc kernel: [    5.247963] usb usb2: SerialNumber: 0000:00:06.0
Jul  3 06:28:12 sel-melc kernel: [    5.251138] hub 2-0:1.0: USB hub found
Jul  3 06:28:12 sel-melc kernel: [    5.254696] hub 2-0:1.0: 12 ports detected
Jul  3 06:28:12 sel-melc kernel: [    5.261489] uhci_hcd: USB Universal Host Controller Interface driver
Jul  3 06:28:12 sel-melc kernel: [    5.265957] ata1: SATA link up 3.0 Gbps (SStatus 123 SControl 300)
Jul  3 06:28:12 sel-melc kernel: [    5.266748] usbcore: registered new interface driver usblp
Jul  3 06:28:12 sel-melc kernel: [    5.278647] ata1.00: ATA-6: VBOX HARDDISK, 1.0, max UDMA/133
Jul  3 06:28:12 sel-melc kernel: [    5.280882] usbcore: registered new interface driver usb-storage
Jul  3 06:28:12 sel-melc kernel: [    5.284702] ata1.00: 94371840 sectors, multi 128: LBA48 NCQ (depth 32)
Jul  3 06:28:12 sel-melc kernel: [    5.288134] i8042: PNP: PS/2 Controller [PNP0303:PS2K,PNP0f03:PS2M] at 0x60,0x64 irq 1,12
Jul  3 06:28:12 sel-melc kernel: [    5.293847] ata1.00: configured for UDMA/133
Jul  3 06:28:12 sel-melc kernel: [    5.303430] scsi 0:0:0:0: Direct-Access     ATA      VBOX HARDDISK    1.0  PQ: 0 ANSI: 5
Jul  3 06:28:12 sel-melc kernel: [    5.305098] serio: i8042 KBD port at 0x60,0x64 irq 1
Jul  3 06:28:12 sel-melc kernel: [    5.313540] scsi 0:0:0:0: Attached scsi generic sg0 type 0
Jul  3 06:28:12 sel-melc kernel: [    5.315885] serio: i8042 AUX port at 0x60,0x64 irq 12
Jul  3 06:28:12 sel-melc kernel: [    5.316679] sd 0:0:0:0: [sda] 94371840 512-byte logical blocks: (48.3 GB/45.0 GiB)
Jul  3 06:28:12 sel-melc kernel: [    5.320374] mousedev: PS/2 mouse device common for all mice
Jul  3 06:28:12 sel-melc kernel: [    5.323369] sd 0:0:0:0: [sda] Write Protect is off
Jul  3 06:28:12 sel-melc kernel: [    5.336653] sd 0:0:0:0: [sda] Mode Sense: 00 3a 00 00
Jul  3 06:28:12 sel-melc kernel: [    5.336676] sd 0:0:0:0: [sda] Write cache: enabled, read cache: enabled, doesn't support DPO or FUA
Jul  3 06:28:12 sel-melc kernel: [    5.339800] rtc_cmos rtc_cmos: registered as rtc0
Jul  3 06:28:12 sel-melc kernel: [    5.340019] input: AT Translated Set 2 keyboard as /devices/platform/i8042/serio0/input/input3
Jul  3 06:28:12 sel-melc kernel: [    5.341547] sd 0:0:0:0: [sda] Preferred minimum I/O size 512 bytes
Jul  3 06:28:12 sel-melc kernel: [    5.351335]  sda: sda1 sda2 sda3
Jul  3 06:28:12 sel-melc kernel: [    5.356382] rtc_cmos rtc_cmos: alarms up to one day, 114 bytes nvram
Jul  3 06:28:12 sel-melc kernel: [    5.360924] sd 0:0:0:0: [sda] Attached SCSI disk
Jul  3 06:28:12 sel-melc kernel: [    5.364237] fail to initialize ptp_kvm
Jul  3 06:28:12 sel-melc kernel: [    5.371754] device-mapper: ioctl: 4.46.0-ioctl (2022-02-22) initialised: dm-devel@redhat.com
Jul  3 06:28:12 sel-melc kernel: [    5.387745] intel_pstate: CPU model not supported
Jul  3 06:28:12 sel-melc kernel: [    5.391010] hid: raw HID events driver (C) Jiri Kosina
Jul  3 06:28:12 sel-melc kernel: [    5.394402] usbcore: registered new interface driver usbhid
Jul  3 06:28:12 sel-melc kernel: [    5.397976] usbhid: USB HID core driver
Jul  3 06:28:12 sel-melc kernel: [    5.429022] Initializing XFRM netlink socket
Jul  3 06:28:12 sel-melc kernel: [    5.432054] NET: Registered PF_INET6 protocol family
Jul  3 06:28:12 sel-melc kernel: [    5.438151] Segment Routing with IPv6
Jul  3 06:28:12 sel-melc kernel: [    5.441110] In-situ OAM (IOAM) with IPv6
Jul  3 06:28:12 sel-melc kernel: [    5.443962] sit: IPv6, IPv4 and MPLS over IPv4 tunneling driver
Jul  3 06:28:12 sel-melc kernel: [    5.448227] NET: Registered PF_PACKET protocol family
Jul  3 06:28:12 sel-melc kernel: [    5.452245] 9pnet: Installing 9P2000 support
Jul  3 06:28:12 sel-melc kernel: [    5.455021] Key type dns_resolver registered
Jul  3 06:28:12 sel-melc kernel: [    5.460240] IPI shorthand broadcast: enabled
Jul  3 06:28:12 sel-melc kernel: [    5.463297] sched_clock: Marking stable (4996518521, 466600675)->(6042974438, -579855242)
Jul  3 06:28:12 sel-melc kernel: [    5.468962] registered taskstats version 1
Jul  3 06:28:12 sel-melc kernel: [    5.471851] Loading compiled-in X.509 certificates
Jul  3 06:28:12 sel-melc kernel: [    5.476388] cryptomgr_test (61) used greatest stack depth: 15528 bytes left
Jul  3 06:28:12 sel-melc kernel: [    5.485859] cryptomgr_test (70) used greatest stack depth: 15232 bytes left
Jul  3 06:28:12 sel-melc kernel: [    5.507734] PM:   Magic number: 14:577:463
Jul  3 06:28:12 sel-melc kernel: [    5.511028] printk: console [netcon0] enabled
Jul  3 06:28:12 sel-melc kernel: [    5.514039] netconsole: network logging started
Jul  3 06:28:12 sel-melc kernel: [    5.520751] cfg80211: Loading compiled-in X.509 certificates for regulatory database
Jul  3 06:28:12 sel-melc kernel: [    5.527047] kworker/u6:3 (83) used greatest stack depth: 14720 bytes left
Jul  3 06:28:12 sel-melc kernel: [    5.531598] kworker/u6:3 (84) used greatest stack depth: 14584 bytes left
Jul  3 06:28:12 sel-melc kernel: [    5.533268] cfg80211: Loaded X.509 cert 'sforshee: 00b28ddf47aef9cea7'
Jul  3 06:28:12 sel-melc kernel: [    5.539384] platform regulatory.0: Direct firmware load for regulatory.db failed with error -2
Jul  3 06:28:12 sel-melc kernel: [    5.543624] cfg80211: failed to load regulatory.db
Jul  3 06:28:12 sel-melc kernel: [    5.545056] ALSA device list:
Jul  3 06:28:12 sel-melc kernel: [    5.548899]   No soundcards found.
Jul  3 06:28:12 sel-melc kernel: [    5.561722] usb 2-1: new full-speed USB device number 2 using ohci-pci
Jul  3 06:28:12 sel-melc kernel: [    5.587572] input: ImExPS/2 Generic Explorer Mouse as /devices/platform/i8042/serio1/input/input5
Jul  3 06:28:12 sel-melc kernel: [    5.596797] md: Waiting for all devices to be available before autodetect
Jul  3 06:28:12 sel-melc kernel: [    5.601260] md: If you don't use raid, use raid=noautodetect
Jul  3 06:28:12 sel-melc kernel: [    5.604825] md: Autodetecting RAID arrays.
Jul  3 06:28:12 sel-melc kernel: [    5.607779] md: autorun ...
Jul  3 06:28:12 sel-melc kernel: [    5.610055] md: ... autorun DONE.
Jul  3 06:28:12 sel-melc kernel: [    5.628703] EXT4-fs (sda3): mounted filesystem with ordered data mode. Quota mode: none.
Jul  3 06:28:12 sel-melc kernel: [    5.633847] VFS: Mounted root (ext4 filesystem) readonly on device 8:3.
Jul  3 06:28:12 sel-melc kernel: [    5.641997] devtmpfs: mounted
Jul  3 06:28:12 sel-melc kernel: [    5.645711] Freeing unused kernel image (initmem) memory: 1276K
Jul  3 06:28:12 sel-melc kernel: [    5.649642] Write protecting the kernel read-only data: 24576k
Jul  3 06:28:12 sel-melc kernel: [    5.655311] Freeing unused kernel image (text/rodata gap) memory: 2032K
Jul  3 06:28:12 sel-melc kernel: [    5.660238] Freeing unused kernel image (rodata/data gap) memory: 940K
Jul  3 06:28:12 sel-melc kernel: [    5.664383] Run /sbin/init as init process
Jul  3 06:28:12 sel-melc kernel: [    5.666798]   with arguments:
Jul  3 06:28:12 sel-melc kernel: [    5.666799]     /sbin/init
Jul  3 06:28:12 sel-melc kernel: [    5.666800]   with environment:
Jul  3 06:28:12 sel-melc kernel: [    5.666800]     HOME=/
Jul  3 06:28:12 sel-melc kernel: [    5.666801]     TERM=linux
Jul  3 06:28:12 sel-melc kernel: [    5.666801]     BOOT_IMAGE=/vmlinuz-5.16.9-lfs-11.1-sel-melc
Jul  3 06:28:12 sel-melc kernel: [    5.822193] stty (92) used greatest stack depth: 13584 bytes left
Jul  3 06:28:12 sel-melc kernel: [    5.831984] usb 2-1: New USB device found, idVendor=80ee, idProduct=0021, bcdDevice= 1.00
Jul  3 06:28:12 sel-melc kernel: [    5.838125] usb 2-1: New USB device strings: Mfr=1, Product=3, SerialNumber=0
Jul  3 06:28:12 sel-melc kernel: [    5.846644] usb 2-1: Product: USB Tablet
Jul  3 06:28:12 sel-melc kernel: [    5.849720] usb 2-1: Manufacturer: VirtualBox
Jul  3 06:28:12 sel-melc kernel: [    5.876299] input: VirtualBox USB Tablet as /devices/pci0000:00/0000:00:06.0/usb2/2-1/2-1:1.0/0003:80EE:0021.0001/input/input6
Jul  3 06:28:12 sel-melc kernel: [    5.887681] hid-generic 0003:80EE:0021.0001: input,hidraw0: USB HID v1.10 Mouse [VirtualBox USB Tablet] on usb-0000:00:06.0-1/input0
Jul  3 06:28:12 sel-melc kernel: [    6.017359] mountpoint (117) used greatest stack depth: 13552 bytes left
Jul  3 06:28:12 sel-melc kernel: [    6.151896] ip (144) used greatest stack depth: 13056 bytes left
Jul  3 06:28:12 sel-melc kernel: <30>[    6.290382] udevd[169]: starting version 3.2.11
Jul  3 06:28:12 sel-melc kernel: [    9.896487] random: crng init done
Jul  3 06:28:12 sel-melc kernel: <30>[   10.064094] udevd[170]: starting eudev-3.2.11
Jul  3 06:28:12 sel-melc kernel: [   10.215059] e1000 0000:00:03.0 enp0s3: renamed from eth0
Jul  3 06:28:12 sel-melc kernel: [   11.056593] Adding 1048572k swap on /dev/sda1.  Priority:1 extents:1 across:1048572k 
Jul  3 06:28:12 sel-melc kernel: [   11.103576] EXT4-fs (sda3): re-mounted. Quota mode: none.
Jul  3 06:28:12 sel-melc kernel: [   11.230294] EXT4-fs (sda3): re-mounted. Quota mode: none.
Jul  3 06:28:12 sel-melc kernel: [   11.279078] EXT4-fs (sda2): mounting ext2 file system using the ext4 subsystem
Jul  3 06:28:12 sel-melc kernel: [   11.287711] EXT4-fs (sda2): mounted filesystem without journal. Quota mode: none.
Jul  3 06:28:12 sel-melc kernel: [   12.246982] rc (91) used greatest stack depth: 13040 bytes left
Jul  3 06:28:12 sel-melc kernel: [   12.615974] e1000: enp0s3 NIC Link is Up 1000 Mbps Full Duplex, Flow Control: RX
Jul  3 06:28:12 sel-melc kernel: [   12.628535] IPv6: ADDRCONF(NETDEV_CHANGE): enp0s3: link becomes ready
